### GovernedDiamondCutStorage @ erc7201:lattice.storage.GovernedDiamondCut (slot 0x9a46da229426897da8e8df190858c430564a988584235445fd229e2bef8a8700)
0	0	_cutCount	t_uint256
1	0	_cutRegistry	t_mapping(t_uint256,t_struct(CutRecord)_storage)
2	0	_frozenSelectors	t_struct(Bytes4Set)_storage

### SafeDiamondCutStorage @ erc7201:lattice.storage.SafeDiamondCut (slot 0xdfdae3ef74d2f2c31fc34cd5e60ae4b170cd90587a13d52debd5569f575e7900)
0	0	_safe	t_address
1	0	_cutCount	t_uint256
2	0	_cutRegistry	t_mapping(t_uint256,t_struct(CutRecord)_storage)
3	0	_frozenSelectors	t_struct(Bytes4Set)_storage

### GovernedSafeDiamondCutStorage @ erc7201:lattice.storage.GovernedSafeDiamondCut (slot 0x67b04bedb2ce49892ef6d6cc51adf679ddefc544b7aca2da8ae73f02694ff300)
0	0	_safe	t_address
1	0	_minDelay	t_uint256
2	0	_scheduledAt	t_mapping(t_bytes32,t_uint256)
3	0	_cutCount	t_uint256
4	0	_cutRegistry	t_mapping(t_uint256,t_struct(CutRecord)_storage)
5	0	_frozenSelectors	t_struct(Bytes4Set)_storage

### ERC6538RegistryStorage @ erc7201:lattice.storage.ERC6538Registry (slot 0x77e72c5973ed8cfb58126100bfd525d25949aa328155f37334e51548cdc80100)
0	0	_stealthMetaAddresses	t_mapping(t_address,t_mapping(t_uint256,t_bytes_storage))
1	0	_nonces	t_mapping(t_address,t_uint256)

### ENSReverseClaimerStorage @ erc7201:lattice.storage.ENSReverseClaimer (slot 0x4490f19c91eeff7574cc9707696b972040b89f54488ef7fa354afe94a194c100)
0	0	_reverseRegistrar	t_address
1	0	_ensName	t_string_storage

### ENSResolverStorage @ erc7201:lattice.storage.ENSResolver (slot 0x33f26d8db6499021a25127a427a9f060956987880daa3f7db97807f377225300)
0	0	_ensRegistry	t_address

### ENSSubnameIssuerStorage @ erc7201:lattice.storage.ENSSubnameIssuer (slot 0xecd97908615d460a8806be2f460463395b75373d406444064e9704ed5d892e00)
0	0	_nameWrapper	t_address

### SafeHarborAdopterStorage @ erc7201:lattice.storage.SafeHarborAdopter (slot 0xaaf15994f2af30ab6b279714cd625e3af0592976549136cf56b423f8b1439400)
0	0	_safeHarborRegistry	t_address
1	0	_agreementFactory	t_address

### CommitRevealStorage @ erc7201:lattice.storage.CommitReveal (slot 0xd3109411a8705fe8e8868eda2607aae4e6b37bb0d383a8a9e1c55c78e6853e00)
0	0	_commitments	t_mapping(t_bytes32,t_struct(Commitment)_storage)

### SemaphoreStorage @ erc7201:lattice.storage.Semaphore (slot 0x9014b6f2f89a94726c6607d3b9e5562f77c44e9f80791dbbfea2ef3de33d0300)
0	0	groups	t_mapping(t_uint256,t_struct(Group)_storage)
1	0	groupCount	t_uint256
2	0	verifier	t_address

### PrivateVotingStorage @ erc7201:lattice.storage.PrivateVoting (slot 0x366a7e9d1ddfe6eaa85ec4e6a71a0be592797e3e9ab0151a827465f6ed6bb900)
0	0	_polls	t_mapping(t_uint256,t_struct(Poll)_storage)
1	0	_pollCount	t_uint256

### ShieldedPoolStorage @ erc7201:lattice.storage.ShieldedPool (slot 0xa961220e87963afb8adc0f7621a90ce1922bf3bb438109c43cc7dacbc8e06600)
0	0	_pools	t_mapping(t_uint256,t_struct(ShieldedPool)_storage)
1	0	_poolCount	t_uint256

### PythAdapterStorage @ erc7201:lattice.storage.PythAdapter (slot 0x4f06923ad9b02e8a3ff8edafe956de2290e9ad8f87494c6f70ad4259b24ff100)
0	0	_feeds	t_mapping(t_bytes32,t_struct(PythFeed)_storage)
1	0	_pyth	t_address

### API3AdapterStorage @ erc7201:lattice.storage.API3Adapter (slot 0xdedf34315ce34cb136d15a8f1bef434dfd97b5e1960d065caa42769bce24e700)
0	0	_feeds	t_mapping(t_bytes32,t_struct(API3Feed)_storage)
